[responsiweb.com/themes/preview/ace/1.3.5/index.html]
[backblue.gif]
[fade.gif]
[index.html]
[responsiweb.com/themes/preview/ace/1.3.5/dist/css/bootstrap.min.css]
[maxcdn.bootstrapcdn.com/font-awesome/4.5.0/css/font-awesome.min.css]
[responsiweb.com/themes/preview/ace/1.3.5/dist/avatars/avatar.png]
[responsiweb.com/themes/preview/ace/1.3.5/dist/js/ace-extra.min.js]
[responsiweb.com/themes/preview/ace/1.3.5/dist/css/ace.min.css]
[responsiweb.com/themes/preview/ace/1.3.5/dist/avatars/avatar3.png]
[responsiweb.com/themes/preview/ace/1.3.5/dist/avatars/avatar4.png]
[responsiweb.com/themes/preview/ace/1.3.5/dist/avatars/avatar2.png]
[responsiweb.com/themes/preview/ace/1.3.5/dist/avatars/avatar5.png]
[responsiweb.com/themes/preview/ace/1.3.5/inbox.html]
[responsiweb.com/themes/preview/ace/1.3.5/dist/avatars/user.jpg]
[responsiweb.com/themes/preview/ace/1.3.5/profile.html]
[responsiweb.com/themes/preview/ace/1.3.5/index-2.html]
[responsiweb.com/themes/preview/ace/1.3.5/top-menu.html]
[responsiweb.com/themes/preview/ace/1.3.5/two-menu-1.html]
[responsiweb.com/themes/preview/ace/1.3.5/two-menu-2.html]
[responsiweb.com/themes/preview/ace/1.3.5/mobile-menu-1.html]
[responsiweb.com/themes/preview/ace/1.3.5/mobile-menu-2.html]
[responsiweb.com/themes/preview/ace/1.3.5/mobile-menu-3.html]
[responsiweb.com/themes/preview/ace/1.3.5/typography.html]
[responsiweb.com/themes/preview/ace/1.3.5/elements.html]
[responsiweb.com/themes/preview/ace/1.3.5/buttons.html]
[responsiweb.com/themes/preview/ace/1.3.5/content-slider.html]
[responsiweb.com/themes/preview/ace/1.3.5/treeview.html]
[responsiweb.com/themes/preview/ace/1.3.5/jquery-ui.html]
[responsiweb.com/themes/preview/ace/1.3.5/nestable-list.html]
[responsiweb.com/themes/preview/ace/1.3.5/tables.html]
[responsiweb.com/themes/preview/ace/1.3.5/jqgrid.html]
[responsiweb.com/themes/preview/ace/1.3.5/form-elements.html]
[responsiweb.com/themes/preview/ace/1.3.5/form-elements-2.html]
[responsiweb.com/themes/preview/ace/1.3.5/form-wizard.html]
[responsiweb.com/themes/preview/ace/1.3.5/wysiwyg.html]
[responsiweb.com/themes/preview/ace/1.3.5/dropzone.html]
[responsiweb.com/themes/preview/ace/1.3.5/widgets.html]
[responsiweb.com/themes/preview/ace/1.3.5/calendar.html]
[responsiweb.com/themes/preview/ace/1.3.5/gallery.html]
[responsiweb.com/themes/preview/ace/1.3.5/pricing.html]
[responsiweb.com/themes/preview/ace/1.3.5/invoice.html]
[responsiweb.com/themes/preview/ace/1.3.5/timeline.html]
[responsiweb.com/themes/preview/ace/1.3.5/search.html]
[responsiweb.com/themes/preview/ace/1.3.5/email.html]
[responsiweb.com/themes/preview/ace/1.3.5/login.html]
[responsiweb.com/themes/preview/ace/1.3.5/faq.html]
[responsiweb.com/themes/preview/ace/1.3.5/error-404.html]
[responsiweb.com/themes/preview/ace/1.3.5/error-500.html]
[responsiweb.com/themes/preview/ace/1.3.5/grid.html]
[responsiweb.com/themes/preview/ace/1.3.5/blank.html]
[responsiweb.com/themes/preview/ace/1.3.5/dist/avatars/avatar1.png]
[ajax.googleapis.com/ajax/libs/jquery/2.1.4/jquery.min.js]
[responsiweb.com/themes/preview/ace/1.3.5/dist/js/jquery.mobile.custom.min.js]
[netdna.bootstrapcdn.com/bootstrap/3.3.6/js/bootstrap.min.js]
[responsiweb.com/themes/preview/ace/1.3.5/dist/js/jquery-ui.custom.min.js]
[responsiweb.com/themes/preview/ace/1.3.5/dist/js/jquery.ui.touch-punch.min.js]
[responsiweb.com/themes/preview/ace/1.3.5/dist/js/jquery.easypiechart.min.js]
[responsiweb.com/themes/preview/ace/1.3.5/dist/js/jquery.sparkline.min.js]
[responsiweb.com/themes/preview/ace/1.3.5/dist/js/flot/jquery.flot.min.js]
[responsiweb.com/themes/preview/ace/1.3.5/dist/js/flot/jquery.flot.pie.min.js]
[responsiweb.com/themes/preview/ace/1.3.5/dist/js/flot/jquery.flot.resize.min.js]
[responsiweb.com/themes/preview/ace/1.3.5/dist/js/ace-elements.min.js]
[responsiweb.com/themes/preview/ace/1.3.5/index.html]
[responsiweb.com/themes/preview/ace/1.3.5/dist/js/ace.min.js]
[responsiweb.com/themes/preview/ace/1.3.5/dist/fonts/glyphicons-halflings-regular.eot]
[responsiweb.com/themes/preview/ace/1.3.5/dist/fonts/glyphicons-halflings-regular.woff2]
[responsiweb.com/themes/preview/ace/1.3.5/dist/fonts/glyphicons-halflings-regulard41d.eot]
[responsiweb.com/themes/preview/ace/1.3.5/dist/fonts/glyphicons-halflings-regular.woff]
[responsiweb.com/themes/preview/ace/1.3.5/dist/fonts/glyphicons-halflings-regular.ttf]
[responsiweb.com/themes/preview/ace/1.3.5/dist/css/bootstrap.min.css]
[maxcdn.bootstrapcdn.com/font-awesome/4.5.0/css/font-awesome.min.css]
[responsiweb.com/themes/preview/ace/1.3.5/dist/css/images/pattern.jpg]
[responsiweb.com/themes/preview/ace/1.3.5/dist/css/images/meteorshower2.jpg]
[responsiweb.com/themes/preview/ace/1.3.5/dist/css/ace.min.css]
[responsiweb.com/themes/preview/ace/1.3.5/dist/js/ace-extra.min.js]
[responsiweb.com/themes/preview/ace/1.3.5/dist/images/gallery/thumb-4.jpg]
[responsiweb.com/themes/preview/ace/1.3.5/dist/images/gallery/thumb-3.jpg]
[responsiweb.com/themes/preview/ace/1.3.5/dist/images/gallery/thumb-2.jpg]
[responsiweb.com/themes/preview/ace/1.3.5/dist/images/gallery/thumb-1.jpg]
[responsiweb.com/themes/preview/ace/1.3.5/dist/js/bootstrap-tag.min.js]
[responsiweb.com/themes/preview/ace/1.3.5/dist/js/jquery.hotkeys.min.js]
[responsiweb.com/themes/preview/ace/1.3.5/inbox.html]
[responsiweb.com/themes/preview/ace/1.3.5/dist/js/bootstrap-wysiwyg.min.js]
[responsiweb.com/themes/preview/ace/1.3.5/dist/css/jquery-ui.custom.min.css]
[responsiweb.com/themes/preview/ace/1.3.5/dist/css/jquery.gritter.min.css]
[responsiweb.com/themes/preview/ace/1.3.5/dist/css/select2.min.css]
[responsiweb.com/themes/preview/ace/1.3.5/dist/css/bootstrap-datepicker3.min.css]
[responsiweb.com/themes/preview/ace/1.3.5/dist/css/bootstrap-editable.min.css]
[responsiweb.com/themes/preview/ace/1.3.5/dist/avatars/profile-pic.jpg]
[responsiweb.com/themes/preview/ace/1.3.5/dist/images/gallery/thumb-5.jpg]
[responsiweb.com/themes/preview/ace/1.3.5/dist/images/gallery/thumb-6.jpg]
[responsiweb.com/themes/preview/ace/1.3.5/dist/js/jquery.gritter.min.js]
[responsiweb.com/themes/preview/ace/1.3.5/dist/js/bootbox.min.js]
[responsiweb.com/themes/preview/ace/1.3.5/dist/js/date-time/bootstrap-datepicker.min.js]
[responsiweb.com/themes/preview/ace/1.3.5/dist/js/select2.min.js]
[responsiweb.com/themes/preview/ace/1.3.5/dist/js/fuelux/fuelux.spinner.min.js]
[responsiweb.com/themes/preview/ace/1.3.5/dist/js/x-editable/bootstrap-editable.min.js]
[responsiweb.com/themes/preview/ace/1.3.5/dist/js/x-editable/ace-editable.min.js]
[responsiweb.com/themes/preview/ace/1.3.5/profile.html]
[responsiweb.com/themes/preview/ace/1.3.5/index-2.html]
[responsiweb.com/themes/preview/ace/1.3.5/top-menu.html]
[responsiweb.com/themes/preview/ace/1.3.5/two-menu-1.html]
[responsiweb.com/themes/preview/ace/1.3.5/dist/js/jquery.maskedinput.min.js]
[responsiweb.com/themes/preview/ace/1.3.5/two-menu-2.html]
[responsiweb.com/themes/preview/ace/1.3.5/mobile-menu-1.html]
[responsiweb.com/themes/preview/ace/1.3.5/mobile-menu-2.html]
[responsiweb.com/themes/preview/ace/1.3.5/mobile-menu-3.html]
[responsiweb.com/themes/preview/ace/1.3.5/dist/css/prettify.min.css]
[responsiweb.com/themes/preview/ace/1.3.5/typography.html]
[responsiweb.com/themes/preview/ace/1.3.5/dist/js/prettify.min.js]
[responsiweb.com/themes/preview/ace/1.3.5/elements.html]
[responsiweb.com/themes/preview/ace/1.3.5/buttons.html]
[responsiweb.com/themes/preview/ace/1.3.5/content-slider.html]
[responsiweb.com/themes/preview/ace/1.3.5/dist/js/spin.min.js]
[responsiweb.com/themes/preview/ace/1.3.5/treeview.html]
[responsiweb.com/themes/preview/ace/1.3.5/dist/js/fuelux/fuelux.tree.min.js]
[responsiweb.com/themes/preview/ace/1.3.5/dist/css/jquery-ui.min.css]
[responsiweb.com/themes/preview/ace/1.3.5/jquery-ui.html]
[responsiweb.com/themes/preview/ace/1.3.5/nestable-list.html]
[responsiweb.com/themes/preview/ace/1.3.5/dist/js/jquery.nestable.min.js]
[responsiweb.com/themes/preview/ace/1.3.5/dist/js/jquery-ui.min.js]
[responsiweb.com/themes/preview/ace/1.3.5/dist/js/dataTables/jquery.dataTables.min.js]
[responsiweb.com/themes/preview/ace/1.3.5/dist/js/dataTables/jquery.dataTables.bootstrap.min.js]
[responsiweb.com/themes/preview/ace/1.3.5/dist/js/dataTables/extensions/Buttons/js/dataTables.buttons.min.js]
[responsiweb.com/themes/preview/ace/1.3.5/dist/js/dataTables/extensions/Buttons/js/buttons.flash.min.js]
[responsiweb.com/themes/preview/ace/1.3.5/dist/js/dataTables/extensions/Buttons/js/buttons.html5.min.js]
[responsiweb.com/themes/preview/ace/1.3.5/dist/js/dataTables/extensions/Buttons/js/buttons.print.min.js]
[responsiweb.com/themes/preview/ace/1.3.5/dist/js/dataTables/extensions/Buttons/js/buttons.colVis.min.js]
[responsiweb.com/themes/preview/ace/1.3.5/dist/js/dataTables/extensions/Select/js/dataTables.select.min.js]
[responsiweb.com/themes/preview/ace/1.3.5/dist/js/dataTables/extensions/Buttons/swf/flashExport.swf]
[responsiweb.com/themes/preview/ace/1.3.5/tables.html]
[responsiweb.com/themes/preview/ace/1.3.5/dist/css/ui.jqgrid.min.css]
[responsiweb.com/themes/preview/ace/1.3.5/jqgrid.html]
[responsiweb.com/themes/preview/ace/1.3.5/dist/css/chosen.min.css]
[responsiweb.com/themes/preview/ace/1.3.5/dist/js/jqGrid/i18n/grid.locale-en.js]
[responsiweb.com/themes/preview/ace/1.3.5/dist/css/bootstrap-timepicker.min.css]
[responsiweb.com/themes/preview/ace/1.3.5/dist/js/jqGrid/jquery.jqGrid.min.js]
[responsiweb.com/themes/preview/ace/1.3.5/dist/css/daterangepicker.min.css]
[responsiweb.com/themes/preview/ace/1.3.5/dist/css/bootstrap-datetimepicker.min.css]
[responsiweb.com/themes/preview/ace/1.3.5/dist/css/colorpicker.min.css]
[responsiweb.com/themes/preview/ace/1.3.5/dist/js/chosen.jquery.min.js]
[responsiweb.com/themes/preview/ace/1.3.5/dist/js/date-time/bootstrap-timepicker.min.js]
[responsiweb.com/themes/preview/ace/1.3.5/dist/js/date-time/moment.min.js]
[responsiweb.com/themes/preview/ace/1.3.5/dist/js/date-time/daterangepicker.min.js]
[responsiweb.com/themes/preview/ace/1.3.5/dist/js/date-time/bootstrap-datetimepicker.min.js]
[responsiweb.com/themes/preview/ace/1.3.5/dist/js/bootstrap-colorpicker.min.js]
[responsiweb.com/themes/preview/ace/1.3.5/dist/js/jquery.knob.min.js]
[responsiweb.com/themes/preview/ace/1.3.5/dist/js/autosize.min.js]
[responsiweb.com/themes/preview/ace/1.3.5/form-elements.html]
[responsiweb.com/themes/preview/ace/1.3.5/dist/js/jquery.inputlimiter.1.3.1.min.js]
[responsiweb.com/themes/preview/ace/1.3.5/dist/css/bootstrap-duallistbox.min.css]
[responsiweb.com/themes/preview/ace/1.3.5/dist/css/bootstrap-multiselect.min.css]
[responsiweb.com/themes/preview/ace/1.3.5/dist/js/jquery.bootstrap-duallistbox.min.js]
[responsiweb.com/themes/preview/ace/1.3.5/dist/js/jquery.raty.min.js]
[responsiweb.com/themes/preview/ace/1.3.5/dist/js/bootstrap-multiselect.min.js]
[responsiweb.com/themes/preview/ace/1.3.5/form-elements-2.html]
[responsiweb.com/themes/preview/ace/1.3.5/dist/js/typeahead.jquery.min.js]
[responsiweb.com/themes/preview/ace/1.3.5/dist/js/fuelux/fuelux.wizard.min.js]
[responsiweb.com/themes/preview/ace/1.3.5/form-wizard.html]
[responsiweb.com/themes/preview/ace/1.3.5/dist/js/additional-methods.min.js]
[responsiweb.com/themes/preview/ace/1.3.5/dist/js/markdown/markdown.min.js]
[responsiweb.com/themes/preview/ace/1.3.5/wysiwyg.html]
[responsiweb.com/themes/preview/ace/1.3.5/dist/js/markdown/bootstrap-markdown.min.js]
[responsiweb.com/themes/preview/ace/1.3.5/dist/css/dropzone.min.css]
[responsiweb.com/themes/preview/ace/1.3.5/dropzone.html]
[responsiweb.com/themes/preview/ace/1.3.5/widgets.html]
[responsiweb.com/themes/preview/ace/1.3.5/dist/js/dropzone.min.js]
[responsiweb.com/themes/preview/ace/1.3.5/dist/js/jquery.validate.min.js]
[responsiweb.com/themes/preview/ace/1.3.5/dist/css/fullcalendar.min.css]
[responsiweb.com/themes/preview/ace/1.3.5/calendar.html]
[responsiweb.com/themes/preview/ace/1.3.5/dist/js/fullcalendar.min.js]
[responsiweb.com/themes/preview/ace/1.3.5/dist/css/colorbox.min.css]
[responsiweb.com/themes/preview/ace/1.3.5/dist/images/gallery/image-1.jpg]
[responsiweb.com/themes/preview/ace/1.3.5/dist/images/gallery/image-2.jpg]
[responsiweb.com/themes/preview/ace/1.3.5/dist/images/gallery/image-3.jpg]
[responsiweb.com/themes/preview/ace/1.3.5/dist/images/gallery/image-4.jpg]
[responsiweb.com/themes/preview/ace/1.3.5/dist/images/gallery/image-5.jpg]
[responsiweb.com/themes/preview/ace/1.3.5/dist/images/gallery/image-6.jpg]
[responsiweb.com/themes/preview/ace/1.3.5/dist/js/jquery.colorbox.min.js]
[responsiweb.com/themes/preview/ace/1.3.5/gallery.html]
[responsiweb.com/themes/preview/ace/1.3.5/pricing.html]
[responsiweb.com/themes/preview/ace/1.3.5/invoice.html]
[responsiweb.com/themes/preview/ace/1.3.5/timeline.html]
[responsiweb.com/themes/preview/ace/1.3.5/dist/js/holder.min.js]
[responsiweb.com/themes/preview/ace/1.3.5/search.html]
[responsiweb.com/themes/preview/ace/1.3.5/build/demo/email-confirmation.html]
[responsiweb.com/themes/preview/ace/1.3.5/dist/images/email1.png]
[responsiweb.com/themes/preview/ace/1.3.5/build/demo/email-navbar.html]
[responsiweb.com/themes/preview/ace/1.3.5/dist/images/email2.png]
[responsiweb.com/themes/preview/ace/1.3.5/build/demo/email-newsletter.html]
[responsiweb.com/themes/preview/ace/1.3.5/dist/images/email3.png]
[responsiweb.com/themes/preview/ace/1.3.5/build/demo/email-contrast.html]
[responsiweb.com/themes/preview/ace/1.3.5/dist/images/email4.png]
[responsiweb.com/themes/preview/ace/1.3.5/email.html]
[responsiweb.com/themes/preview/ace/1.3.5/login.html]
[responsiweb.com/themes/preview/ace/1.3.5/faq.html]
[responsiweb.com/themes/preview/ace/1.3.5/error-404.html]
[responsiweb.com/themes/preview/ace/1.3.5/error-500.html]
[responsiweb.com/themes/preview/ace/1.3.5/grid.html]
[responsiweb.com/themes/preview/ace/1.3.5/blank.html]
[responsiweb.com/themes/preview/ace/1.3.5/dist/js/jquery.mobile.custom.min.js]
[responsiweb.com/themes/preview/ace/1.3.5/dist/css/ace-rtl.min.css]
[responsiweb.com/themes/preview/ace/1.3.5/dist/js/jquery-ui.custom.min.js]
[responsiweb.com/themes/preview/ace/1.3.5/dist/js/jquery.ui.touch-punch.min.js]
[responsiweb.com/themes/preview/ace/1.3.5/dist/js/jquery.easypiechart.min.js]
[responsiweb.com/themes/preview/ace/1.3.5/dist/js/jquery.sparkline.min.js]
[responsiweb.com/themes/preview/ace/1.3.5/dist/js/flot/jquery.flot.min.js]
[responsiweb.com/themes/preview/ace/1.3.5/dist/js/flot/jquery.flot.pie.min.js]
[responsiweb.com/themes/preview/ace/1.3.5/dist/js/flot/jquery.flot.resize.min.js]
[responsiweb.com/themes/preview/ace/1.3.5/dist/js/ace-elements.min.js]
[responsiweb.com/themes/preview/ace/1.3.5/-rtl$1.html]
[responsiweb.com/themes/preview/ace/1.3.5/dist/js/ace.min.js]
[responsiweb.com/themes/preview/ace/1.3.5/dist/fonts/glyphicons-halflings-regular.svg]
[responsiweb.com/themes/preview/ace/1.3.5/dist/js/bootstrap-tag.min.js]
[responsiweb.com/themes/preview/ace/1.3.5/dist/js/jquery.hotkeys.min.js]
[responsiweb.com/themes/preview/ace/1.3.5/dist/js/bootstrap-wysiwyg.min.js]
[responsiweb.com/themes/preview/ace/1.3.5/dist/css/jquery-ui.custom.min.css]
[responsiweb.com/themes/preview/ace/1.3.5/-skins$1.html]
[responsiweb.com/themes/preview/ace/1.3.5/dist/images/ie-spacer.html]
[responsiweb.com/themes/preview/ace/1.3.5/dist/images/gritter.html]
[responsiweb.com/themes/preview/ace/1.3.5/dist/css/jquery.gritter.min.css]
[responsiweb.com/themes/preview/ace/1.3.5/dist/css/select2.min.css]
[responsiweb.com/themes/preview/ace/1.3.5/dist/css/bootstrap-datepicker3.min.css]
[responsiweb.com/themes/preview/ace/1.3.5/dist/images/gritter-light.html]
[responsiweb.com/themes/preview/ace/1.3.5/dist/img/loading.gif]
[responsiweb.com/themes/preview/ace/1.3.5/dist/img/clear.png]
[responsiweb.com/themes/preview/ace/1.3.5/dist/css/bootstrap-editable.min.css]
[responsiweb.com/themes/preview/ace/1.3.5/dist/js/jquery.gritter.min.js]
[responsiweb.com/themes/preview/ace/1.3.5/dist/js/bootbox.min.js]
[responsiweb.com/themes/preview/ace/1.3.5/dist/js/date-time/bootstrap-datepicker.min.js]
[responsiweb.com/themes/preview/ace/1.3.5/dist/js/select2.min.js]
[responsiweb.com/themes/preview/ace/1.3.5/dist/js/fuelux/fuelux.spinner.min.js]
[responsiweb.com/themes/preview/ace/1.3.5/dist/js/x-editable/bootstrap-editable.min.js]
[responsiweb.com/themes/preview/ace/1.3.5/dist/js/x-editable/ace-editable.min.js]
[responsiweb.com/themes/preview/ace/1.3.5/dist/js/jquery.maskedinput.min.js]
[responsiweb.com/themes/preview/ace/1.3.5/dist/css/prettify.min.css]
[responsiweb.com/themes/preview/ace/1.3.5/dist/js/prettify.min.js]
[responsiweb.com/themes/preview/ace/1.3.5/dist/js/spin.min.js]
[responsiweb.com/themes/preview/ace/1.3.5/dist/js/fuelux/fuelux.tree.min.js]
[responsiweb.com/themes/preview/ace/1.3.5/dist/css/jquery-ui.min.css]
[responsiweb.com/themes/preview/ace/1.3.5/dist/js/jquery-ui.min.js]
[responsiweb.com/themes/preview/ace/1.3.5/dist/js/jquery.nestable.min.js]
[responsiweb.com/themes/preview/ace/1.3.5/dist/js/dataTables/jquery.dataTables.min.js]
[responsiweb.com/themes/preview/ace/1.3.5/dist/js/dataTables/jquery.dataTables.bootstrap.min.js]
[responsiweb.com/themes/preview/ace/1.3.5/dist/js/dataTables/extensions/Buttons/js/dataTables.buttons.min.js]
[responsiweb.com/themes/preview/ace/1.3.5/dist/js/dataTables/extensions/Buttons/js/buttons.flash.min.js]
[responsiweb.com/themes/preview/ace/1.3.5/buttons-2.html]
[responsiweb.com/themes/preview/ace/1.3.5/[Content_Types].html]
[responsiweb.com/themes/preview/ace/1.3.5/workbook.html]
[responsiweb.com/themes/preview/ace/1.3.5/dist/js/dataTables/extensions/Buttons/js/buttons.html5.min.js]
[responsiweb.com/themes/preview/ace/1.3.5/dist/js/dataTables/extensions/Buttons/js/buttons.print.min.js]
[responsiweb.com/themes/preview/ace/1.3.5/dist/js/dataTables/extensions/Buttons/js/buttons.colVis.min.js]
[responsiweb.com/themes/preview/ace/1.3.5/dist/js/dataTables/extensions/Select/js/dataTables.select.min.js]
[responsiweb.com/themes/preview/ace/1.3.5/dist/css/ui.jqgrid.min.css]
[responsiweb.com/themes/preview/ace/1.3.5/sheet1.html]
[responsiweb.com/themes/preview/ace/1.3.5/dist/js/jqGrid/jquery.jqGrid.min.js]
[responsiweb.com/themes/preview/ace/1.3.5/dist/js/jqGrid/i18n/grid.locale-en.js]
[responsiweb.com/themes/preview/ace/1.3.5/dist/css/chosen-sprite.png]
[responsiweb.com/themes/preview/ace/1.3.5/dist/css/chosen-sprite@2x.png]
[responsiweb.com/themes/preview/ace/1.3.5/dist/css/chosen.min.css]
[responsiweb.com/themes/preview/ace/1.3.5/dist/css/bootstrap-timepicker.min.css]
[responsiweb.com/themes/preview/ace/1.3.5/dist/css/daterangepicker.min.css]
[responsiweb.com/themes/preview/ace/1.3.5/dist/css/bootstrap-datetimepicker.min.css]
[responsiweb.com/themes/preview/ace/1.3.5/dist/css/img/saturation.png]
[responsiweb.com/themes/preview/ace/1.3.5/dist/css/img/hue.png]
[responsiweb.com/themes/preview/ace/1.3.5/dist/css/img/alpha.png]
[responsiweb.com/themes/preview/ace/1.3.5/dist/css/colorpicker.min.css]
[responsiweb.com/themes/preview/ace/1.3.5/dist/js/chosen.jquery.min.js]
[responsiweb.com/themes/preview/ace/1.3.5/dist/js/date-time/bootstrap-timepicker.min.js]
[responsiweb.com/themes/preview/ace/1.3.5/dist/js/date-time/moment.min.js]
[responsiweb.com/themes/preview/ace/1.3.5/dist/js/date-time/daterangepicker.min.js]
[responsiweb.com/themes/preview/ace/1.3.5/dist/js/date-time/bootstrap-datetimepicker.min.js]
[responsiweb.com/themes/preview/ace/1.3.5/dist/js/bootstrap-colorpicker.min.js]
[responsiweb.com/themes/preview/ace/1.3.5/dist/js/jquery.knob.min.js]
[responsiweb.com/themes/preview/ace/1.3.5/dist/js/autosize.min.js]
[responsiweb.com/themes/preview/ace/1.3.5/dist/js/jquery.inputlimiter.1.3.1.min.js]
[responsiweb.com/themes/preview/ace/1.3.5/dist/css/bootstrap-duallistbox.min.css]
[responsiweb.com/themes/preview/ace/1.3.5/dist/css/bootstrap-multiselect.min.css]
[responsiweb.com/themes/preview/ace/1.3.5/dist/js/jquery.bootstrap-duallistbox.min.js]
[responsiweb.com/themes/preview/ace/1.3.5/dist/js/jquery.raty.min.js]
[responsiweb.com/themes/preview/ace/1.3.5/dist/js/bootstrap-multiselect.min.js]
[responsiweb.com/themes/preview/ace/1.3.5/dist/js/typeahead.jquery.min.js]
[responsiweb.com/themes/preview/ace/1.3.5/dist/js/fuelux/fuelux.wizard.min.js]
[responsiweb.com/themes/preview/ace/1.3.5/dist/js/jquery.validate.min.js]
[responsiweb.com/themes/preview/ace/1.3.5/dist/js/additional-methods.min.js]
[responsiweb.com/themes/preview/ace/1.3.5/dist/js/markdown/markdown.min.js]
[responsiweb.com/themes/preview/ace/1.3.5/dist/js/markdown/bootstrap-markdown.min.js]
[responsiweb.com/themes/preview/ace/1.3.5/dist/css/dropzone.min.css]
[responsiweb.com/themes/preview/ace/1.3.5/dist/js/dropzone.min.js]
[responsiweb.com/themes/preview/ace/1.3.5/typeahead.html]
[responsiweb.com/themes/preview/ace/1.3.5/dist/css/fullcalendar.min.css]
[responsiweb.com/themes/preview/ace/1.3.5/dist/js/fullcalendar.min.js]
[responsiweb.com/themes/preview/ace/1.3.5/dist/css/images/overlay.png]
[responsiweb.com/themes/preview/ace/1.3.5/dist/css/images/controls.png]
[responsiweb.com/themes/preview/ace/1.3.5/dist/css/images/border.png]
[responsiweb.com/themes/preview/ace/1.3.5/dist/css/images/loading_background.png]
[responsiweb.com/themes/preview/ace/1.3.5/dist/css/images/loading.gif]
[responsiweb.com/themes/preview/ace/1.3.5/dist/css/colorbox.min.css]
[responsiweb.com/themes/preview/ace/1.3.5/dist/js/jquery.colorbox.min.js]
[responsiweb.com/themes/preview/ace/1.3.5/dist/js/holder.min.js]
[responsiweb.com/themes/preview/ace/1.3.5/build/demo/email-confirmation.html]
[responsiweb.com/themes/preview/ace/1.3.5/build/demo/email-navbar.html]
[responsiweb.com/themes/preview/ace/1.3.5/build/demo/email-newsletter.html]
[responsiweb.com/themes/preview/ace/1.3.5/build/demo/email-contrast.html]
[responsiweb.com/themes/preview/ace/1.3.5/dist/css/ace-rtl.min.css]
[responsiweb.com/themes/preview/ace/1.3.5/-rtl$1.html]
[responsiweb.com/themes/preview/ace/1.3.5/-skins$1.html]
[responsiweb.com/themes/preview/ace/1.3.5/dist/images/ie-spacer.html]
[responsiweb.com/themes/preview/ace/1.3.5/dist/images/gritter.html]
[responsiweb.com/themes/preview/ace/1.3.5/dist/images/gritter-light.html]
[responsiweb.com/themes/preview/ace/1.3.5/buttons-2.html]
[responsiweb.com/themes/preview/ace/1.3.5/[Content_Types].html]
[responsiweb.com/themes/preview/ace/1.3.5/workbook.html]
[responsiweb.com/themes/preview/ace/1.3.5/sheet1.html]
[responsiweb.com/themes/preview/ace/1.3.5/typeahead.html]
